---
source: crates/mega-evm/tests/tracers/harness.rs
expression: trace
---
{"pc":0,"depth":1,"opName":"PUSH0","op":95,"gas":"0x1001b5","reservoir":"0x0","stateGas":"0x0","gasCost":"0x2","stack":[],"returnData":"0x","refund":"0x0","memSize":"0x0"}
{"pc":1,"depth":1,"opName":"POP","op":80,"gas":"0x1001b3","reservoir":"0x0","stateGas":"0x0","gasCost":"0x2","stack":["0x0"],"returnData":"0x","refund":"0x0","memSize":"0x0"}
{"pc":2,"depth":1,"opName":"TIMESTAMP","op":66,"gas":"0x1001b1","reservoir":"0x0","stateGas":"0x0","gasCost":"0x2","stack":[],"returnData":"0x","refund":"0x0","memSize":"0x0"}
{"pc":3,"depth":1,"opName":"POP","op":80,"gas":"0x1001af","reservoir":"0x0","stateGas":"0x0","gasCost":"0x2","stack":["0x6553f100"],"returnData":"0x","refund":"0x0","memSize":"0x0"}
{"pc":4,"depth":1,"opName":"PUSH0","op":95,"gas":"0x1001ad","reservoir":"0x0","stateGas":"0x0","gasCost":"0x2","stack":[],"returnData":"0x","refund":"0x0","memSize":"0x0"}
{"pc":5,"depth":1,"opName":"PUSH0","op":95,"gas":"0x1001ab","reservoir":"0x0","stateGas":"0x0","gasCost":"0x2","stack":["0x0"],"returnData":"0x","refund":"0x0","memSize":"0x0"}
{"pc":6,"depth":1,"opName":"PUSH0","op":95,"gas":"0x1001a9","reservoir":"0x0","stateGas":"0x0","gasCost":"0x2","stack":["0x0","0x0"],"returnData":"0x","refund":"0x0","memSize":"0x0"}
{"pc":7,"depth":1,"opName":"PUSH0","op":95,"gas":"0x1001a7","reservoir":"0x0","stateGas":"0x0","gasCost":"0x2","stack":["0x0","0x0","0x0"],"returnData":"0x","refund":"0x0","memSize":"0x0"}
{"pc":8,"depth":1,"opName":"PUSH32","op":127,"gas":"0x1001a5","reservoir":"0x0","stateGas":"0x0","gasCost":"0x3","stack":["0x0","0x0","0x0","0x0"],"returnData":"0x","refund":"0x0","memSize":"0x0"}
{"pc":41,"depth":1,"opName":"PUSH20","op":115,"gas":"0x1001a2","reservoir":"0x0","stateGas":"0x0","gasCost":"0x3","stack":["0x0","0x0","0x0","0x0","0x0"],"returnData":"0x","refund":"0x0","memSize":"0x0"}
{"pc":62,"depth":1,"opName":"GAS","op":90,"gas":"0x10019f","reservoir":"0x0","stateGas":"0x0","gasCost":"0x2","stack":["0x0","0x0","0x0","0x0","0x0","0x400003"],"returnData":"0x","refund":"0x0","memSize":"0x0"}
{"pc":63,"depth":1,"opName":"CALL","op":241,"gas":"0x10019d","reservoir":"0x0","stateGas":"0x0","gasCost":"0xfc1c0","stack":["0x0","0x0","0x0","0x0","0x0","0x400003","0x10019d"],"returnData":"0x","refund":"0x0","memSize":"0x0"}
{"pc":0,"depth":2,"opName":"JUMPDEST","op":91,"gas":"0xfb798","reservoir":"0x0","stateGas":"0x0","gasCost":"0x1","stack":[],"returnData":"0x","refund":"0x0","memSize":"0x0"}
{"pc":1,"depth":2,"opName":"PUSH1","op":96,"gas":"0xfb797","reservoir":"0x0","stateGas":"0x0","gasCost":"0x3","stack":[],"returnData":"0x","refund":"0x0","memSize":"0x0"}
{"pc":3,"depth":2,"opName":"JUMP","op":86,"gas":"0xfb794","reservoir":"0x0","stateGas":"0x0","gasCost":"0x8","stack":["0x0"],"returnData":"0x","refund":"0x0","memSize":"0x0"}
{"pc":0,"depth":2,"opName":"JUMPDEST","op":91,"gas":"0xfb78c","reservoir":"0x0","stateGas":"0x0","gasCost":"0x1","stack":[],"returnData":"0x","refund":"0x0","memSize":"0x0"}
{"pc":1,"depth":2,"opName":"PUSH1","op":96,"gas":"0xfb78b","reservoir":"0x0","stateGas":"0x0","gasCost":"0x3","stack":[],"returnData":"0x","refund":"0x0","memSize":"0x0"}
{"pc":3,"depth":2,"opName":"JUMP","op":86,"gas":"0xfb788","reservoir":"0x0","stateGas":"0x0","gasCost":"0x8","stack":["0x0"],"returnData":"0x","refund":"0x0","memSize":"0x0"}
{"pc":0,"depth":2,"opName":"JUMPDEST","op":91,"gas":"0xfb780","reservoir":"0x0","stateGas":"0x0","gasCost":"0x1","stack":[],"returnData":"0x","refund":"0x0","memSize":"0x0"}
{"pc":1,"depth":2,"opName":"PUSH1","op":96,"gas":"0xfb77f","reservoir":"0x0","stateGas":"0x0","gasCost":"0x3","stack":[],"returnData":"0x","refund":"0x0","memSize":"0x0"}
{"pc":3,"depth":2,"opName":"JUMP","op":86,"gas":"0xfb77c","reservoir":"0x0","stateGas":"0x0","gasCost":"0x8","stack":["0x0"],"returnData":"0x","refund":"0x0","memSize":"0x0"}
{"pc":0,"depth":2,"opName":"JUMPDEST","op":91,"gas":"0xfb774","reservoir":"0x0","stateGas":"0x0","gasCost":"0x1","stack":[],"returnData":"0x","refund":"0x0","memSize":"0x0"}
{"pc":1,"depth":2,"opName":"PUSH1","op":96,"gas":"0xfb773","reservoir":"0x0","stateGas":"0x0","gasCost":"0x3","stack":[],"returnData":"0x","refund":"0x0","memSize":"0x0"}
{"pc":3,"depth":2,"opName":"JUMP","op":86,"gas":"0xfb770","reservoir":"0x0","stateGas":"0x0","gasCost":"0x8","stack":["0x0"],"returnData":"0x","refund":"0x0","memSize":"0x0"}
{"pc":0,"depth":2,"opName":"JUMPDEST","op":91,"gas":"0xfb768","reservoir":"0x0","stateGas":"0x0","gasCost":"0x1","stack":[],"returnData":"0x","refund":"0x0","memSize":"0x0"}
{"pc":1,"depth":2,"opName":"PUSH1","op":96,"gas":"0xfb767","reservoir":"0x0","stateGas":"0x0","gasCost":"0x3","stack":[],"returnData":"0x","refund":"0x0","memSize":"0x0"}
{"pc":3,"depth":2,"opName":"JUMP","op":86,"gas":"0xfb764","reservoir":"0x0","stateGas":"0x0","gasCost":"0x8","stack":["0x0"],"returnData":"0x","refund":"0x0","memSize":"0x0"}
{"pc":0,"depth":2,"opName":"JUMPDEST","op":91,"gas":"0xfb75c","reservoir":"0x0","stateGas":"0x0","gasCost":"0x1","stack":[],"returnData":"0x","refund":"0x0","memSize":"0x0"}
{"pc":1,"depth":2,"opName":"PUSH1","op":96,"gas":"0xfb75b","reservoir":"0x0","stateGas":"0x0","gasCost":"0x3","stack":[],"returnData":"0x","refund":"0x0","memSize":"0x0"}
{"pc":3,"depth":2,"opName":"JUMP","op":86,"gas":"0xfb758","reservoir":"0x0","stateGas":"0x0","gasCost":"0x8","stack":["0x0"],"returnData":"0x","refund":"0x0","memSize":"0x0"}
{"pc":0,"depth":2,"opName":"JUMPDEST","op":91,"gas":"0xfb750","reservoir":"0x0","stateGas":"0x0","gasCost":"0x1","stack":[],"returnData":"0x","refund":"0x0","memSize":"0x0"}
{"pc":1,"depth":2,"opName":"PUSH1","op":96,"gas":"0xfb74f","reservoir":"0x0","stateGas":"0x0","gasCost":"0x3","stack":[],"returnData":"0x","refund":"0x0","memSize":"0x0"}
{"pc":3,"depth":2,"opName":"JUMP","op":86,"gas":"0xfb74c","reservoir":"0x0","stateGas":"0x0","gasCost":"0x8","stack":["0x0"],"returnData":"0x","refund":"0x0","memSize":"0x0"}
{"pc":0,"depth":2,"opName":"JUMPDEST","op":91,"gas":"0xfb744","reservoir":"0x0","stateGas":"0x0","gasCost":"0x1","stack":[],"returnData":"0x","refund":"0x0","memSize":"0x0"}
{"pc":1,"depth":2,"opName":"PUSH1","op":96,"gas":"0xfb743","reservoir":"0x0","stateGas":"0x0","gasCost":"0x3","stack":[],"returnData":"0x","refund":"0x0","memSize":"0x0"}
{"pc":3,"depth":2,"opName":"JUMP","op":86,"gas":"0xfb740","reservoir":"0x0","stateGas":"0x0","gasCost":"0x8","stack":["0x0"],"returnData":"0x","refund":"0x0","memSize":"0x0"}
{"pc":0,"depth":2,"opName":"JUMPDEST","op":91,"gas":"0xfb738","reservoir":"0x0","stateGas":"0x0","gasCost":"0x1","stack":[],"returnData":"0x","refund":"0x0","memSize":"0x0"}
{"pc":1,"depth":2,"opName":"PUSH1","op":96,"gas":"0xfb737","reservoir":"0x0","stateGas":"0x0","gasCost":"0x3","stack":[],"returnData":"0x","refund":"0x0","memSize":"0x0"}
{"pc":3,"depth":2,"opName":"JUMP","op":86,"gas":"0xfb734","reservoir":"0x0","stateGas":"0x0","gasCost":"0x8","stack":["0x0"],"returnData":"0x","refund":"0x0","memSize":"0x0"}
{"pc":0,"depth":2,"opName":"JUMPDEST","op":91,"gas":"0xfb72c","reservoir":"0x0","stateGas":"0x0","gasCost":"0x1","stack":[],"returnData":"0x","refund":"0x0","memSize":"0x0"}
{"pc":1,"depth":2,"opName":"PUSH1","op":96,"gas":"0xfb72b","reservoir":"0x0","stateGas":"0x0","gasCost":"0x3","stack":[],"returnData":"0x","refund":"0x0","memSize":"0x0"}
{"pc":3,"depth":2,"opName":"JUMP","op":86,"gas":"0xfb728","reservoir":"0x0","stateGas":"0x0","gasCost":"0x8","stack":["0x0"],"returnData":"0x","refund":"0x0","memSize":"0x0"}
{"pc":0,"depth":2,"opName":"JUMPDEST","op":91,"gas":"0xfb720","reservoir":"0x0","stateGas":"0x0","gasCost":"0x1","stack":[],"returnData":"0x","refund":"0x0","memSize":"0x0"}
{"pc":1,"depth":2,"opName":"PUSH1","op":96,"gas":"0xfb71f","reservoir":"0x0","stateGas":"0x0","gasCost":"0x3","stack":[],"returnData":"0x","refund":"0x0","memSize":"0x0"}
{"pc":3,"depth":2,"opName":"JUMP","op":86,"gas":"0xfb71c","reservoir":"0x0","stateGas":"0x0","gasCost":"0x8","stack":["0x0"],"returnData":"0x","refund":"0x0","memSize":"0x0"}
{"pc":0,"depth":2,"opName":"JUMPDEST","op":91,"gas":"0xfb714","reservoir":"0x0","stateGas":"0x0","gasCost":"0x1","stack":[],"returnData":"0x","refund":"0x0","memSize":"0x0"}
{"pc":1,"depth":2,"opName":"PUSH1","op":96,"gas":"0xfb713","reservoir":"0x0","stateGas":"0x0","gasCost":"0x3","stack":[],"returnData":"0x","refund":"0x0","memSize":"0x0"}
{"pc":3,"depth":2,"opName":"JUMP","op":86,"gas":"0xfb710","reservoir":"0x0","stateGas":"0x0","gasCost":"0x8","stack":["0x0"],"returnData":"0x","refund":"0x0","memSize":"0x0"}
{"pc":0,"depth":2,"opName":"JUMPDEST","op":91,"gas":"0xfb708","reservoir":"0x0","stateGas":"0x0","gasCost":"0x1","stack":[],"returnData":"0x","refund":"0x0","memSize":"0x0"}
{"pc":1,"depth":2,"opName":"PUSH1","op":96,"gas":"0xfb707","reservoir":"0x0","stateGas":"0x0","gasCost":"0x3","stack":[],"returnData":"0x","refund":"0x0","memSize":"0x0"}
{"pc":3,"depth":2,"opName":"JUMP","op":86,"gas":"0xfb704","reservoir":"0x0","stateGas":"0x0","gasCost":"0x8","stack":["0x0"],"returnData":"0x","refund":"0x0","memSize":"0x0"}
{"pc":0,"depth":2,"opName":"JUMPDEST","op":91,"gas":"0xfb6fc","reservoir":"0x0","stateGas":"0x0","gasCost":"0x1","stack":[],"returnData":"0x","refund":"0x0","memSize":"0x0"}
{"pc":1,"depth":2,"opName":"PUSH1","op":96,"gas":"0xfb6fb","reservoir":"0x0","stateGas":"0x0","gasCost":"0x3","stack":[],"returnData":"0x","refund":"0x0","memSize":"0x0"}
{"pc":3,"depth":2,"opName":"JUMP","op":86,"gas":"0xfb6f8","reservoir":"0x0","stateGas":"0x0","gasCost":"0x8","stack":["0x0"],"returnData":"0x","refund":"0x0","memSize":"0x0"}
{"pc":0,"depth":2,"opName":"JUMPDEST","op":91,"gas":"0xfb6f0","reservoir":"0x0","stateGas":"0x0","gasCost":"0x1","stack":[],"returnData":"0x","refund":"0x0","memSize":"0x0"}
{"pc":1,"depth":2,"opName":"PUSH1","op":96,"gas":"0xfb6ef","reservoir":"0x0","stateGas":"0x0","gasCost":"0x3","stack":[],"returnData":"0x","refund":"0x0","memSize":"0x0"}
{"pc":3,"depth":2,"opName":"JUMP","op":86,"gas":"0xfb6ec","reservoir":"0x0","stateGas":"0x0","gasCost":"0x8","stack":["0x0"],"returnData":"0x","refund":"0x0","memSize":"0x0"}
{"pc":0,"depth":2,"opName":"JUMPDEST","op":91,"gas":"0xfb6e4","reservoir":"0x0","stateGas":"0x0","gasCost":"0x1","stack":[],"returnData":"0x","refund":"0x0","memSize":"0x0"}
{"pc":1,"depth":2,"opName":"PUSH1","op":96,"gas":"0xfb6e3","reservoir":"0x0","stateGas":"0x0","gasCost":"0x3","stack":[],"returnData":"0x","refund":"0x0","memSize":"0x0"}
{"pc":3,"depth":2,"opName":"JUMP","op":86,"gas":"0xfb6e0","reservoir":"0x0","stateGas":"0x0","gasCost":"0x8","stack":["0x0"],"returnData":"0x","refund":"0x0","memSize":"0x0"}
{"pc":0,"depth":2,"opName":"JUMPDEST","op":91,"gas":"0xfb6d8","reservoir":"0x0","stateGas":"0x0","gasCost":"0x1","stack":[],"returnData":"0x","refund":"0x0","memSize":"0x0"}
{"pc":1,"depth":2,"opName":"PUSH1","op":96,"gas":"0xfb6d7","reservoir":"0x0","stateGas":"0x0","gasCost":"0x3","stack":[],"returnData":"0x","refund":"0x0","memSize":"0x0"}
{"pc":3,"depth":2,"opName":"JUMP","op":86,"gas":"0xfb6d4","reservoir":"0x0","stateGas":"0x0","gasCost":"0x8","stack":["0x0"],"returnData":"0x","refund":"0x0","memSize":"0x0"}
{"pc":0,"depth":2,"opName":"JUMPDEST","op":91,"gas":"0xfb6cc","reservoir":"0x0","stateGas":"0x0","gasCost":"0x1","stack":[],"returnData":"0x","refund":"0x0","memSize":"0x0"}
{"pc":1,"depth":2,"opName":"PUSH1","op":96,"gas":"0xfb6cb","reservoir":"0x0","stateGas":"0x0","gasCost":"0x3","stack":[],"returnData":"0x","refund":"0x0","memSize":"0x0"}
{"pc":3,"depth":2,"opName":"JUMP","op":86,"gas":"0xfb6c8","reservoir":"0x0","stateGas":"0x0","gasCost":"0x8","stack":["0x0"],"returnData":"0x","refund":"0x0","memSize":"0x0"}
{"pc":0,"depth":2,"opName":"JUMPDEST","op":91,"gas":"0xfb6c0","reservoir":"0x0","stateGas":"0x0","gasCost":"0x1","stack":[],"returnData":"0x","refund":"0x0","memSize":"0x0"}
{"pc":1,"depth":2,"opName":"PUSH1","op":96,"gas":"0xfb6bf","reservoir":"0x0","stateGas":"0x0","gasCost":"0x3","stack":[],"returnData":"0x","refund":"0x0","memSize":"0x0"}
{"pc":3,"depth":2,"opName":"JUMP","op":86,"gas":"0xfb6bc","reservoir":"0x0","stateGas":"0x0","gasCost":"0x8","stack":["0x0"],"returnData":"0x","refund":"0x0","memSize":"0x0"}
{"pc":0,"depth":2,"opName":"JUMPDEST","op":91,"gas":"0xfb6b4","reservoir":"0x0","stateGas":"0x0","gasCost":"0x1","stack":[],"returnData":"0x","refund":"0x0","memSize":"0x0"}
{"pc":1,"depth":2,"opName":"PUSH1","op":96,"gas":"0xfb6b3","reservoir":"0x0","stateGas":"0x0","gasCost":"0x3","stack":[],"returnData":"0x","refund":"0x0","memSize":"0x0"}
{"pc":3,"depth":2,"opName":"JUMP","op":86,"gas":"0xfb6b0","reservoir":"0x0","stateGas":"0x0","gasCost":"0x8","stack":["0x0"],"returnData":"0x","refund":"0x0","memSize":"0x0"}
{"pc":0,"depth":2,"opName":"JUMPDEST","op":91,"gas":"0xfb6a8","reservoir":"0x0","stateGas":"0x0","gasCost":"0x1","stack":[],"returnData":"0x","refund":"0x0","memSize":"0x0"}
{"pc":1,"depth":2,"opName":"PUSH1","op":96,"gas":"0xfb6a7","reservoir":"0x0","stateGas":"0x0","gasCost":"0x3","stack":[],"returnData":"0x","refund":"0x0","memSize":"0x0"}
{"pc":3,"depth":2,"opName":"JUMP","op":86,"gas":"0xfb6a4","reservoir":"0x0","stateGas":"0x0","gasCost":"0x8","stack":["0x0"],"returnData":"0x","refund":"0x0","memSize":"0x0"}
{"pc":0,"depth":2,"opName":"JUMPDEST","op":91,"gas":"0xfb69c","reservoir":"0x0","stateGas":"0x0","gasCost":"0x1","stack":[],"returnData":"0x","refund":"0x0","memSize":"0x0"}
{"pc":1,"depth":2,"opName":"PUSH1","op":96,"gas":"0xfb69b","reservoir":"0x0","stateGas":"0x0","gasCost":"0x3","stack":[],"returnData":"0x","refund":"0x0","memSize":"0x0"}
{"pc":3,"depth":2,"opName":"JUMP","op":86,"gas":"0xfb698","reservoir":"0x0","stateGas":"0x0","gasCost":"0x8","stack":["0x0"],"returnData":"0x","refund":"0x0","memSize":"0x0"}
{"pc":0,"depth":2,"opName":"JUMPDEST","op":91,"gas":"0xfb690","reservoir":"0x0","stateGas":"0x0","gasCost":"0x1","stack":[],"returnData":"0x","refund":"0x0","memSize":"0x0"}
{"pc":1,"depth":2,"opName":"PUSH1","op":96,"gas":"0xfb68f","reservoir":"0x0","stateGas":"0x0","gasCost":"0x3","stack":[],"returnData":"0x","refund":"0x0","memSize":"0x0"}
{"pc":3,"depth":2,"opName":"JUMP","op":86,"gas":"0xfb68c","reservoir":"0x0","stateGas":"0x0","gasCost":"0x8","stack":["0x0"],"returnData":"0x","refund":"0x0","memSize":"0x0"}
{"pc":0,"depth":2,"opName":"JUMPDEST","op":91,"gas":"0xfb684","reservoir":"0x0","stateGas":"0x0","gasCost":"0x1","stack":[],"returnData":"0x","refund":"0x0","memSize":"0x0"}
{"pc":1,"depth":2,"opName":"PUSH1","op":96,"gas":"0xfb683","reservoir":"0x0","stateGas":"0x0","gasCost":"0x3","stack":[],"returnData":"0x","refund":"0x0","memSize":"0x0"}
{"pc":3,"depth":2,"opName":"JUMP","op":86,"gas":"0xfb680","reservoir":"0x0","stateGas":"0x0","gasCost":"0x8","stack":["0x0"],"returnData":"0x","refund":"0x0","memSize":"0x0"}
{"pc":0,"depth":2,"opName":"JUMPDEST","op":91,"gas":"0xfb678","reservoir":"0x0","stateGas":"0x0","gasCost":"0x1","stack":[],"returnData":"0x","refund":"0x0","memSize":"0x0"}
{"pc":1,"depth":2,"opName":"PUSH1","op":96,"gas":"0xfb677","reservoir":"0x0","stateGas":"0x0","gasCost":"0x3","stack":[],"returnData":"0x","refund":"0x0","memSize":"0x0"}
{"pc":3,"depth":2,"opName":"JUMP","op":86,"gas":"0xfb674","reservoir":"0x0","stateGas":"0x0","gasCost":"0x8","stack":["0x0"],"returnData":"0x","refund":"0x0","memSize":"0x0"}
{"pc":0,"depth":2,"opName":"JUMPDEST","op":91,"gas":"0xfb66c","reservoir":"0x0","stateGas":"0x0","gasCost":"0x1","stack":[],"returnData":"0x","refund":"0x0","memSize":"0x0"}
{"pc":1,"depth":2,"opName":"PUSH1","op":96,"gas":"0xfb66b","reservoir":"0x0","stateGas":"0x0","gasCost":"0x3","stack":[],"returnData":"0x","refund":"0x0","memSize":"0x0"}
{"pc":3,"depth":2,"opName":"JUMP","op":86,"gas":"0xfb668","reservoir":"0x0","stateGas":"0x0","gasCost":"0x8","stack":["0x0"],"returnData":"0x","refund":"0x0","memSize":"0x0"}
{"pc":0,"depth":2,"opName":"JUMPDEST","op":91,"gas":"0xfb660","reservoir":"0x0","stateGas":"0x0","gasCost":"0x1","stack":[],"returnData":"0x","refund":"0x0","memSize":"0x0"}
{"pc":1,"depth":2,"opName":"PUSH1","op":96,"gas":"0xfb65f","reservoir":"0x0","stateGas":"0x0","gasCost":"0x3","stack":[],"returnData":"0x","refund":"0x0","memSize":"0x0"}
{"pc":3,"depth":2,"opName":"JUMP","op":86,"gas":"0xfb65c","reservoir":"0x0","stateGas":"0x0","gasCost":"0x8","stack":["0x0"],"returnData":"0x","refund":"0x0","memSize":"0x0"}
{"pc":0,"depth":2,"opName":"JUMPDEST","op":91,"gas":"0xfb654","reservoir":"0x0","stateGas":"0x0","gasCost":"0x1","stack":[],"returnData":"0x","refund":"0x0","memSize":"0x0"}
{"pc":1,"depth":2,"opName":"PUSH1","op":96,"gas":"0xfb653","reservoir":"0x0","stateGas":"0x0","gasCost":"0x3","stack":[],"returnData":"0x","refund":"0x0","memSize":"0x0"}
{"pc":3,"depth":2,"opName":"JUMP","op":86,"gas":"0xfb650","reservoir":"0x0","stateGas":"0x0","gasCost":"0x8","stack":["0x0"],"returnData":"0x","refund":"0x0","memSize":"0x0"}
{"pc":0,"depth":2,"opName":"JUMPDEST","op":91,"gas":"0xfb648","reservoir":"0x0","stateGas":"0x0","gasCost":"0x1","stack":[],"returnData":"0x","refund":"0x0","memSize":"0x0"}
{"pc":1,"depth":2,"opName":"PUSH1","op":96,"gas":"0xfb647","reservoir":"0x0","stateGas":"0x0","gasCost":"0x3","stack":[],"returnData":"0x","refund":"0x0","memSize":"0x0"}
{"pc":3,"depth":2,"opName":"JUMP","op":86,"gas":"0xfb644","reservoir":"0x0","stateGas":"0x0","gasCost":"0x8","stack":["0x0"],"returnData":"0x","refund":"0x0","memSize":"0x0"}
{"pc":0,"depth":2,"opName":"JUMPDEST","op":91,"gas":"0xfb63c","reservoir":"0x0","stateGas":"0x0","gasCost":"0x1","stack":[],"returnData":"0x","refund":"0x0","memSize":"0x0"}
{"pc":1,"depth":2,"opName":"PUSH1","op":96,"gas":"0xfb63b","reservoir":"0x0","stateGas":"0x0","gasCost":"0x3","stack":[],"returnData":"0x","refund":"0x0","memSize":"0x0"}
{"pc":3,"depth":2,"opName":"JUMP","op":86,"gas":"0xfb638","reservoir":"0x0","stateGas":"0x0","gasCost":"0x8","stack":["0x0"],"returnData":"0x","refund":"0x0","memSize":"0x0"}
{"pc":0,"depth":2,"opName":"JUMPDEST","op":91,"gas":"0xfb630","reservoir":"0x0","stateGas":"0x0","gasCost":"0x1","stack":[],"returnData":"0x","refund":"0x0","memSize":"0x0"}
{"pc":1,"depth":2,"opName":"PUSH1","op":96,"gas":"0xfb62f","reservoir":"0x0","stateGas":"0x0","gasCost":"0x3","stack":[],"returnData":"0x","refund":"0x0","memSize":"0x0"}
{"pc":3,"depth":2,"opName":"JUMP","op":86,"gas":"0xfb62c","reservoir":"0x0","stateGas":"0x0","gasCost":"0x8","stack":["0x0"],"returnData":"0x","refund":"0x0","memSize":"0x0"}
{"pc":0,"depth":2,"opName":"JUMPDEST","op":91,"gas":"0xfb624","reservoir":"0x0","stateGas":"0x0","gasCost":"0x1","stack":[],"returnData":"0x","refund":"0x0","memSize":"0x0"}
{"pc":1,"depth":2,"opName":"PUSH1","op":96,"gas":"0xfb623","reservoir":"0x0","stateGas":"0x0","gasCost":"0x3","stack":[],"returnData":"0x","refund":"0x0","memSize":"0x0"}
{"pc":3,"depth":2,"opName":"JUMP","op":86,"gas":"0xfb620","reservoir":"0x0","stateGas":"0x0","gasCost":"0xfb620","stack":["0x0"],"returnData":"0x","refund":"0x0","memSize":"0x0","error":"OutOfGas"}
{"stateRoot":"0x0000000000000000000000000000000000000000000000000000000000000000","output":"0x84b9026700000000000000000000000000000000000000000000000000000000000000020000000000000000000000000000000000000000000000000000000000000bbe","gasUsed":"0x10a6dd","pass":false,"fork":"Osaka"}
