---
source: crates/mega-evm/tests/satin/withheld_gas.rs
expression: "&summaries(&views)"
---
{
  "a 16 MiB memory expansion, gas limit 100000000, detained": "success Stop; stop -; regular 98413125 state 0 history 27280 history_bytes 310 reservoir_remaining 0 floor 15000 gas_used 98440405; data_size 310 write_records 0; logs 0 accounts 6",
  "a 16 MiB memory expansion, gas limit 100000000, plain": "success Stop; stop -; regular 98413125 state 0 history 27280 history_bytes 310 reservoir_remaining 0 floor 15000 gas_used 98440405; data_size 310 write_records 0; logs 0 accounts 6",
  "a 16 MiB memory expansion, gas limit 300000000, detained": "success Stop; stop -; regular 196877479 state 0 history 27280 history_bytes 310 reservoir_remaining 99972720 floor 15000 gas_used 196904759; data_size 310 write_records 0; logs 0 accounts 6",
  "a 16 MiB memory expansion, gas limit 300000000, plain": "success Stop; stop -; regular 196877479 state 0 history 27280 history_bytes 310 reservoir_remaining 99972720 floor 15000 gas_used 196904759; data_size 310 write_records 0; logs 0 accounts 6",
  "a copy of 2^40 bytes, gas limit 100000000, detained": "success Stop; stop -; regular 98413125 state 0 history 27280 history_bytes 310 reservoir_remaining 0 floor 15000 gas_used 98440405; data_size 310 write_records 0; logs 0 accounts 6",
  "a copy of 2^40 bytes, gas limit 100000000, plain": "success Stop; stop -; regular 98413125 state 0 history 27280 history_bytes 310 reservoir_remaining 0 floor 15000 gas_used 98440405; data_size 310 write_records 0; logs 0 accounts 6",
  "a copy of 2^40 bytes, gas limit 300000000, detained": "success Stop; stop -; regular 196877479 state 0 history 27280 history_bytes 310 reservoir_remaining 99972720 floor 15000 gas_used 196904759; data_size 310 write_records 0; logs 0 accounts 6",
  "a copy of 2^40 bytes, gas limit 300000000, plain": "success Stop; stop -; regular 196877479 state 0 history 27280 history_bytes 310 reservoir_remaining 99972720 floor 15000 gas_used 196904759; data_size 310 write_records 0; logs 0 accounts 6",
  "a hash of 2^40 bytes, gas limit 100000000, detained": "success Stop; stop -; regular 98413125 state 0 history 27280 history_bytes 310 reservoir_remaining 0 floor 15000 gas_used 98440405; data_size 310 write_records 0; logs 0 accounts 6",
  "a hash of 2^40 bytes, gas limit 100000000, plain": "success Stop; stop -; regular 98413125 state 0 history 27280 history_bytes 310 reservoir_remaining 0 floor 15000 gas_used 98440405; data_size 310 write_records 0; logs 0 accounts 6",
  "a hash of 2^40 bytes, gas limit 300000000, detained": "success Stop; stop -; regular 196877479 state 0 history 27280 history_bytes 310 reservoir_remaining 99972720 floor 15000 gas_used 196904759; data_size 310 write_records 0; logs 0 accounts 6",
  "a hash of 2^40 bytes, gas limit 300000000, plain": "success Stop; stop -; regular 196877479 state 0 history 27280 history_bytes 310 reservoir_remaining 99972720 floor 15000 gas_used 196904759; data_size 310 write_records 0; logs 0 accounts 6",
  "an operand above usize, gas limit 100000000, detained": "success Stop; stop -; regular 98413125 state 0 history 27280 history_bytes 310 reservoir_remaining 0 floor 15000 gas_used 98440405; data_size 310 write_records 0; logs 0 accounts 6",
  "an operand above usize, gas limit 100000000, plain": "success Stop; stop -; regular 98413125 state 0 history 27280 history_bytes 310 reservoir_remaining 0 floor 15000 gas_used 98440405; data_size 310 write_records 0; logs 0 accounts 6",
  "an operand above usize, gas limit 300000000, detained": "success Stop; stop -; regular 196877479 state 0 history 27280 history_bytes 310 reservoir_remaining 99972720 floor 15000 gas_used 196904759; data_size 310 write_records 0; logs 0 accounts 6",
  "an operand above usize, gas limit 300000000, plain": "success Stop; stop -; regular 196877479 state 0 history 27280 history_bytes 310 reservoir_remaining 99972720 floor 15000 gas_used 196904759; data_size 310 write_records 0; logs 0 accounts 6"
}
