---
source: crates/mega-evm/tests/satin/transfer_logs.rs
expression: "&outcomes"
---
{
  "Call Plain at 20000000: at the budget": "success Return; stop -; regular 26962 state 0 history 34320 history_bytes 390 reservoir_remaining 0 floor 15000 gas_used 61282; data_size 550 write_records 2; logs 1 accounts 8",
  "Call Plain at 20000000: one byte short": "success Return; stop -; regular 26998 state 0 history 27280 history_bytes 310 reservoir_remaining 0 floor 15000 gas_used 54278; data_size 310 write_records 0; logs 0 accounts 7",
  "Call Plain at 300000000: at the budget": "success Return; stop -; regular 26962 state 0 history 34320 history_bytes 390 reservoir_remaining 99965680 floor 15000 gas_used 61282; data_size 550 write_records 2; logs 1 accounts 8",
  "Call Plain at 300000000: one byte short": "success Return; stop -; regular 26998 state 0 history 27280 history_bytes 310 reservoir_remaining 99972720 floor 15000 gas_used 54278; data_size 310 write_records 0; logs 0 accounts 7",
  "Call Twin at 20000000: at the budget": "success Return; stop -; regular 66244 state 195840 history 48400 history_bytes 550 reservoir_remaining 0 floor 15000 gas_used 310484; data_size 550 write_records 2; logs 1 accounts 8",
  "Call Twin at 20000000: one byte short": "success Return; stop -; regular 66280 state 0 history 27280 history_bytes 310 reservoir_remaining 0 floor 15000 gas_used 93560; data_size 310 write_records 0; logs 0 accounts 7",
  "Call Twin at 300000000: at the budget": "success Return; stop -; regular 66244 state 195840 history 48400 history_bytes 550 reservoir_remaining 99755760 floor 15000 gas_used 310484; data_size 550 write_records 2; logs 1 accounts 8",
  "Call Twin at 300000000: one byte short": "success Return; stop -; regular 66280 state 0 history 27280 history_bytes 310 reservoir_remaining 99972720 floor 15000 gas_used 93560; data_size 310 write_records 0; logs 0 accounts 7",
  "CallToPrecompile Plain at 20000000: at the budget": "success Return; stop -; regular 49477 state 183600 history 34320 history_bytes 390 reservoir_remaining 0 floor 15000 gas_used 267397; data_size 550 write_records 2; logs 1 accounts 8",
  "CallToPrecompile Plain at 20000000: one byte short": "success Return; stop -; regular 49498 state 0 history 27280 history_bytes 310 reservoir_remaining 0 floor 15000 gas_used 76778; data_size 310 write_records 0; logs 0 accounts 7",
  "CallToPrecompile Plain at 300000000: at the budget": "success Return; stop -; regular 49477 state 183600 history 34320 history_bytes 390 reservoir_remaining 99782080 floor 15000 gas_used 267397; data_size 550 write_records 2; logs 1 accounts 8",
  "CallToPrecompile Plain at 300000000: one byte short": "success Return; stop -; regular 49498 state 0 history 27280 history_bytes 310 reservoir_remaining 99972720 floor 15000 gas_used 76778; data_size 310 write_records 0; logs 0 accounts 7",
  "CallToPrecompile Twin at 20000000: at the budget": "success Return; stop -; regular 66244 state 195840 history 48400 history_bytes 550 reservoir_remaining 0 floor 15000 gas_used 310484; data_size 550 write_records 2; logs 1 accounts 8",
  "CallToPrecompile Twin at 20000000: one byte short": "success Return; stop -; regular 66280 state 0 history 27280 history_bytes 310 reservoir_remaining 0 floor 15000 gas_used 93560; data_size 310 write_records 0; logs 0 accounts 7",
  "CallToPrecompile Twin at 300000000: at the budget": "success Return; stop -; regular 66244 state 195840 history 48400 history_bytes 550 reservoir_remaining 99755760 floor 15000 gas_used 310484; data_size 550 write_records 2; logs 1 accounts 8",
  "CallToPrecompile Twin at 300000000: one byte short": "success Return; stop -; regular 66280 state 0 history 27280 history_bytes 310 reservoir_remaining 99972720 floor 15000 gas_used 93560; data_size 310 write_records 0; logs 0 accounts 7",
  "CallWithoutCode Plain at 20000000: at the budget": "success Return; stop -; regular 51962 state 183600 history 34320 history_bytes 390 reservoir_remaining 0 floor 15000 gas_used 269882; data_size 550 write_records 2; logs 1 accounts 8",
  "CallWithoutCode Plain at 20000000: one byte short": "success Return; stop -; regular 51998 state 0 history 27280 history_bytes 310 reservoir_remaining 0 floor 15000 gas_used 79278; data_size 310 write_records 0; logs 0 accounts 7",
  "CallWithoutCode Plain at 300000000: at the budget": "success Return; stop -; regular 51962 state 183600 history 34320 history_bytes 390 reservoir_remaining 99782080 floor 15000 gas_used 269882; data_size 550 write_records 2; logs 1 accounts 8",
  "CallWithoutCode Plain at 300000000: one byte short": "success Return; stop -; regular 51998 state 0 history 27280 history_bytes 310 reservoir_remaining 99972720 floor 15000 gas_used 79278; data_size 310 write_records 0; logs 0 accounts 7",
  "CallWithoutCode Twin at 20000000: at the budget": "success Return; stop -; regular 66244 state 195840 history 48400 history_bytes 550 reservoir_remaining 0 floor 15000 gas_used 310484; data_size 550 write_records 2; logs 1 accounts 8",
  "CallWithoutCode Twin at 20000000: one byte short": "success Return; stop -; regular 66280 state 0 history 27280 history_bytes 310 reservoir_remaining 0 floor 15000 gas_used 93560; data_size 310 write_records 0; logs 0 accounts 7",
  "CallWithoutCode Twin at 300000000: at the budget": "success Return; stop -; regular 66244 state 195840 history 48400 history_bytes 550 reservoir_remaining 99755760 floor 15000 gas_used 310484; data_size 550 write_records 2; logs 1 accounts 8",
  "CallWithoutCode Twin at 300000000: one byte short": "success Return; stop -; regular 66280 state 0 history 27280 history_bytes 310 reservoir_remaining 99972720 floor 15000 gas_used 93560; data_size 310 write_records 0; logs 0 accounts 7",
  "Create Plain at 20000000: at the budget": "success Return; stop -; regular 49655 state 183600 history 34320 history_bytes 390 reservoir_remaining 0 floor 15000 gas_used 267575; data_size 550 write_records 2; logs 1 accounts 8",
  "Create Plain at 20000000: one byte short": "success Return; stop -; regular 49691 state 0 history 30800 history_bytes 350 reservoir_remaining 0 floor 15000 gas_used 80491; data_size 350 write_records 1; logs 0 accounts 7",
  "Create Plain at 300000000: at the budget": "success Return; stop -; regular 49655 state 183600 history 34320 history_bytes 390 reservoir_remaining 99782080 floor 15000 gas_used 267575; data_size 550 write_records 2; logs 1 accounts 8",
  "Create Plain at 300000000: one byte short": "success Return; stop -; regular 49691 state 0 history 30800 history_bytes 350 reservoir_remaining 99969200 floor 15000 gas_used 80491; data_size 350 write_records 1; logs 0 accounts 7",
  "Create Twin at 20000000: at the budget": "success Return; stop -; regular 51439 state 183600 history 48400 history_bytes 550 reservoir_remaining 0 floor 15000 gas_used 283439; data_size 550 write_records 2; logs 1 accounts 8",
  "Create Twin at 20000000: one byte short": "success Return; stop -; regular 51472 state 0 history 30800 history_bytes 350 reservoir_remaining 0 floor 15000 gas_used 82272; data_size 350 write_records 1; logs 0 accounts 7",
  "Create Twin at 300000000: at the budget": "success Return; stop -; regular 51439 state 183600 history 48400 history_bytes 550 reservoir_remaining 99768000 floor 15000 gas_used 283439; data_size 550 write_records 2; logs 1 accounts 8",
  "Create Twin at 300000000: one byte short": "success Return; stop -; regular 51472 state 0 history 30800 history_bytes 350 reservoir_remaining 99969200 floor 15000 gas_used 82272; data_size 350 write_records 1; logs 0 accounts 7",
  "Create2 Plain at 20000000: at the budget": "success Return; stop -; regular 49658 state 183600 history 34320 history_bytes 390 reservoir_remaining 0 floor 15000 gas_used 267578; data_size 550 write_records 2; logs 1 accounts 8",
  "Create2 Plain at 20000000: one byte short": "success Return; stop -; regular 49694 state 0 history 30800 history_bytes 350 reservoir_remaining 0 floor 15000 gas_used 80494; data_size 350 write_records 1; logs 0 accounts 7",
  "Create2 Plain at 300000000: at the budget": "success Return; stop -; regular 49658 state 183600 history 34320 history_bytes 390 reservoir_remaining 99782080 floor 15000 gas_used 267578; data_size 550 write_records 2; logs 1 accounts 8",
  "Create2 Plain at 300000000: one byte short": "success Return; stop -; regular 49694 state 0 history 30800 history_bytes 350 reservoir_remaining 99969200 floor 15000 gas_used 80494; data_size 350 write_records 1; logs 0 accounts 7",
  "Create2 Twin at 20000000: at the budget": "success Return; stop -; regular 51448 state 183600 history 48400 history_bytes 550 reservoir_remaining 0 floor 15000 gas_used 283448; data_size 550 write_records 2; logs 1 accounts 8",
  "Create2 Twin at 20000000: one byte short": "success Return; stop -; regular 51481 state 0 history 30800 history_bytes 350 reservoir_remaining 0 floor 15000 gas_used 82281; data_size 350 write_records 1; logs 0 accounts 7",
  "Create2 Twin at 300000000: at the budget": "success Return; stop -; regular 51448 state 183600 history 48400 history_bytes 550 reservoir_remaining 99768000 floor 15000 gas_used 283448; data_size 550 write_records 2; logs 1 accounts 8",
  "Create2 Twin at 300000000: one byte short": "success Return; stop -; regular 51481 state 0 history 30800 history_bytes 350 reservoir_remaining 99969200 floor 15000 gas_used 82281; data_size 350 write_records 1; logs 0 accounts 7",
  "SelfDestruct Plain at 20000000: at the budget": "success Return; stop -; regular 27865 state 0 history 30800 history_bytes 350 reservoir_remaining 0 floor 15000 gas_used 58665; data_size 510 write_records 1; logs 1 accounts 9",
  "SelfDestruct Plain at 20000000: one byte short": "success Return; stop -; regular 27901 state 0 history 27280 history_bytes 310 reservoir_remaining 0 floor 15000 gas_used 55181; data_size 310 write_records 0; logs 0 accounts 7",
  "SelfDestruct Plain at 300000000: at the budget": "success Return; stop -; regular 27865 state 0 history 30800 history_bytes 350 reservoir_remaining 99969200 floor 15000 gas_used 58665; data_size 510 write_records 1; logs 1 accounts 9",
  "SelfDestruct Plain at 300000000: one byte short": "success Return; stop -; regular 27901 state 0 history 27280 history_bytes 310 reservoir_remaining 99972720 floor 15000 gas_used 55181; data_size 310 write_records 0; logs 0 accounts 7",
  "SelfDestruct Twin at 20000000: at the budget": "success Return; stop -; regular 44138 state 97920 history 44880 history_bytes 510 reservoir_remaining 0 floor 15000 gas_used 186938; data_size 510 write_records 1; logs 1 accounts 8",
  "SelfDestruct Twin at 20000000: one byte short": "success Return; stop -; regular 44174 state 0 history 27280 history_bytes 310 reservoir_remaining 0 floor 15000 gas_used 71454; data_size 310 write_records 0; logs 0 accounts 7",
  "SelfDestruct Twin at 300000000: at the budget": "success Return; stop -; regular 44138 state 97920 history 44880 history_bytes 510 reservoir_remaining 99857200 floor 15000 gas_used 186938; data_size 510 write_records 1; logs 1 accounts 8",
  "SelfDestruct Twin at 300000000: one byte short": "success Return; stop -; regular 44174 state 0 history 27280 history_bytes 310 reservoir_remaining 99972720 floor 15000 gas_used 71454; data_size 310 write_records 0; logs 0 accounts 7",
  "TxEndowment Plain at 20000000: at the budget": "success Return; stop -; regular 24000 state 183600 history 30800 history_bytes 350 reservoir_remaining 0 floor 24000 gas_used 238400; data_size 510 write_records 1; logs 1 accounts 6",
  "TxEndowment Plain at 20000000: one byte short": "revert MegaLimitExceeded(DataSize, 199); stop -; regular 24000 state 0 history 27280 history_bytes 310 reservoir_remaining 0 floor 24000 gas_used 51280; data_size 310 write_records 0; logs 0 accounts 5",
  "TxEndowment Plain at 300000000: at the budget": "success Return; stop -; regular 24000 state 183600 history 30800 history_bytes 350 reservoir_remaining 99785600 floor 24000 gas_used 238400; data_size 510 write_records 1; logs 1 accounts 6",
  "TxEndowment Plain at 300000000: one byte short": "revert MegaLimitExceeded(DataSize, 199); stop -; regular 24000 state 0 history 27280 history_bytes 310 reservoir_remaining 99972720 floor 24000 gas_used 51280; data_size 310 write_records 0; logs 0 accounts 5",
  "TxEndowment Twin at 20000000: at the budget": "success Return; stop -; regular 25888 state 183600 history 45584 history_bytes 518 reservoir_remaining 0 floor 24512 gas_used 255072; data_size 518 write_records 1; logs 1 accounts 6",
  "TxEndowment Twin at 20000000: one byte short": "revert MegaLimitExceeded(DataSize, 199); stop -; regular 25888 state 0 history 27984 history_bytes 318 reservoir_remaining 0 floor 24512 gas_used 53872; data_size 318 write_records 0; logs 0 accounts 5",
  "TxEndowment Twin at 300000000: at the budget": "success Return; stop -; regular 25888 state 183600 history 45584 history_bytes 518 reservoir_remaining 99770816 floor 24512 gas_used 255072; data_size 518 write_records 1; logs 1 accounts 6",
  "TxEndowment Twin at 300000000: one byte short": "revert MegaLimitExceeded(DataSize, 199); stop -; regular 25888 state 0 history 27984 history_bytes 318 reservoir_remaining 99972016 floor 24512 gas_used 53872; data_size 318 write_records 0; logs 0 accounts 5",
  "TxValue Plain at 20000000: at the budget": "success Stop; stop -; regular 21000 state 0 history 30800 history_bytes 350 reservoir_remaining 0 floor 21000 gas_used 51800; data_size 510 write_records 1; logs 1 accounts 6",
  "TxValue Plain at 20000000: one byte short": "revert MegaLimitExceeded(DataSize, 199); stop -; regular 21000 state 0 history 27280 history_bytes 310 reservoir_remaining 0 floor 21000 gas_used 48280; data_size 310 write_records 0; logs 0 accounts 5",
  "TxValue Plain at 300000000: at the budget": "success Stop; stop -; regular 21000 state 0 history 30800 history_bytes 350 reservoir_remaining 99969200 floor 21000 gas_used 51800; data_size 510 write_records 1; logs 1 accounts 6",
  "TxValue Plain at 300000000: one byte short": "revert MegaLimitExceeded(DataSize, 199); stop -; regular 21000 state 0 history 27280 history_bytes 310 reservoir_remaining 99972720 floor 21000 gas_used 48280; data_size 310 write_records 0; logs 0 accounts 5",
  "TxValue Twin at 20000000: at the budget": "success Stop; stop -; regular 38876 state 97920 history 44880 history_bytes 510 reservoir_remaining 0 floor 15000 gas_used 181676; data_size 510 write_records 1; logs 1 accounts 6",
  "TxValue Twin at 20000000: one byte short": "revert MegaLimitExceeded(DataSize, 199); stop -; regular 38876 state 0 history 27280 history_bytes 310 reservoir_remaining 0 floor 15000 gas_used 66156; data_size 310 write_records 0; logs 0 accounts 5",
  "TxValue Twin at 300000000: at the budget": "success Stop; stop -; regular 38876 state 97920 history 44880 history_bytes 510 reservoir_remaining 99857200 floor 15000 gas_used 181676; data_size 510 write_records 1; logs 1 accounts 6",
  "TxValue Twin at 300000000: one byte short": "revert MegaLimitExceeded(DataSize, 199); stop -; regular 38876 state 0 history 27280 history_bytes 310 reservoir_remaining 99972720 floor 15000 gas_used 66156; data_size 310 write_records 0; logs 0 accounts 5"
}
