---
source: crates/mega-evm/tests/satin/withheld_gas.rs
expression: "&summaries(&views)"
---
{
  "deployed from another sender under the spec's cap, inspected, gas limit 100000000": "success Return; stop -; regular 150355 state 472770 history 66088 history_bytes 751 reservoir_remaining 0 floor 33688 gas_used 689213; data_size 751 write_records 2; logs 0 accounts 8",
  "deployed from another sender under the spec's cap, inspected, gas limit 300000000": "success Return; stop -; regular 150355 state 472770 history 66088 history_bytes 751 reservoir_remaining 99461142 floor 33688 gas_used 689213; data_size 751 write_records 2; logs 0 accounts 8",
  "deployed from another sender under the spec's cap, plain, gas limit 100000000": "success Return; stop -; regular 150355 state 472770 history 66088 history_bytes 751 reservoir_remaining 0 floor 33688 gas_used 689213; data_size 751 write_records 2; logs 0 accounts 8",
  "deployed from another sender under the spec's cap, plain, gas limit 300000000": "success Return; stop -; regular 150355 state 472770 history 66088 history_bytes 751 reservoir_remaining 99461142 floor 33688 gas_used 689213; data_size 751 write_records 2; logs 0 accounts 8",
  "deployed from the beneficiary at the creation's compute, inspected, gas limit 100000000": "success Return; stop -; regular 150355 state 472770 history 66088 history_bytes 751 reservoir_remaining 0 floor 33688 gas_used 689213; data_size 751 write_records 2; logs 0 accounts 7",
  "deployed from the beneficiary at the creation's compute, inspected, gas limit 300000000": "success Return; stop -; regular 150355 state 472770 history 66088 history_bytes 751 reservoir_remaining 99461142 floor 33688 gas_used 689213; data_size 751 write_records 2; logs 0 accounts 7",
  "deployed from the beneficiary at the creation's compute, plain, gas limit 100000000": "success Return; stop -; regular 150355 state 472770 history 66088 history_bytes 751 reservoir_remaining 0 floor 33688 gas_used 689213; data_size 751 write_records 2; logs 0 accounts 7",
  "deployed from the beneficiary at the creation's compute, plain, gas limit 300000000": "success Return; stop -; regular 150355 state 472770 history 66088 history_bytes 751 reservoir_remaining 99461142 floor 33688 gas_used 689213; data_size 751 write_records 2; logs 0 accounts 7",
  "deployed from the beneficiary one short of the creation, inspected, gas limit 100000000": "revert MegaLimitExceeded(ComputeGas, 132062); stop ComputeGas limit 132062 used 132045; regular 150337 state 0 history 52976 history_bytes 602 reservoir_remaining 0 floor 33688 gas_used 203313; data_size 602 write_records 0; logs 0 accounts 4",
  "deployed from the beneficiary one short of the creation, inspected, gas limit 300000000": "revert MegaLimitExceeded(ComputeGas, 132062); stop ComputeGas limit 132062 used 132045; regular 150337 state 0 history 52976 history_bytes 602 reservoir_remaining 99947024 floor 33688 gas_used 203313; data_size 602 write_records 0; logs 0 accounts 4",
  "deployed from the beneficiary one short of the creation, plain, gas limit 100000000": "revert MegaLimitExceeded(ComputeGas, 132062); stop ComputeGas limit 132062 used 132045; regular 150337 state 0 history 52976 history_bytes 602 reservoir_remaining 0 floor 33688 gas_used 203313; data_size 602 write_records 0; logs 0 accounts 4",
  "deployed from the beneficiary one short of the creation, plain, gas limit 300000000": "revert MegaLimitExceeded(ComputeGas, 132062); stop ComputeGas limit 132062 used 132045; regular 150337 state 0 history 52976 history_bytes 602 reservoir_remaining 99947024 floor 33688 gas_used 203313; data_size 602 write_records 0; logs 0 accounts 4",
  "deployed from the beneficiary one short of the overhead and the CREATE opcode, inspected, gas limit 100000000": "revert MegaLimitExceeded(ComputeGas, 132005); stop ComputeGas limit 132005 used 100000; regular 118292 state 0 history 52976 history_bytes 602 reservoir_remaining 0 floor 33688 gas_used 171268; data_size 602 write_records 0; logs 0 accounts 4",
  "deployed from the beneficiary one short of the overhead and the CREATE opcode, inspected, gas limit 300000000": "revert MegaLimitExceeded(ComputeGas, 132005); stop ComputeGas limit 132005 used 100000; regular 118292 state 0 history 52976 history_bytes 602 reservoir_remaining 99947024 floor 33688 gas_used 171268; data_size 602 write_records 0; logs 0 accounts 4",
  "deployed from the beneficiary one short of the overhead and the CREATE opcode, plain, gas limit 100000000": "revert MegaLimitExceeded(ComputeGas, 132005); stop ComputeGas limit 132005 used 100000; regular 118292 state 0 history 52976 history_bytes 602 reservoir_remaining 0 floor 33688 gas_used 171268; data_size 602 write_records 0; logs 0 accounts 4",
  "deployed from the beneficiary one short of the overhead and the CREATE opcode, plain, gas limit 300000000": "revert MegaLimitExceeded(ComputeGas, 132005); stop ComputeGas limit 132005 used 100000; regular 118292 state 0 history 52976 history_bytes 602 reservoir_remaining 99947024 floor 33688 gas_used 171268; data_size 602 write_records 0; logs 0 accounts 4",
  "deployed from the beneficiary under half the overhead, inspected, gas limit 100000000": "revert MegaLimitExceeded(ComputeGas, 50000); stop ComputeGas limit 50000 used 0; regular 18292 state 0 history 52976 history_bytes 602 reservoir_remaining 0 floor 33688 gas_used 71268; data_size 602 write_records 0; logs 0 accounts 4",
  "deployed from the beneficiary under half the overhead, inspected, gas limit 300000000": "revert MegaLimitExceeded(ComputeGas, 50000); stop ComputeGas limit 50000 used 0; regular 18292 state 0 history 52976 history_bytes 602 reservoir_remaining 99947024 floor 33688 gas_used 71268; data_size 602 write_records 0; logs 0 accounts 4",
  "deployed from the beneficiary under half the overhead, plain, gas limit 100000000": "revert MegaLimitExceeded(ComputeGas, 50000); stop ComputeGas limit 50000 used 0; regular 18292 state 0 history 52976 history_bytes 602 reservoir_remaining 0 floor 33688 gas_used 71268; data_size 602 write_records 0; logs 0 accounts 4",
  "deployed from the beneficiary under half the overhead, plain, gas limit 300000000": "revert MegaLimitExceeded(ComputeGas, 50000); stop ComputeGas limit 50000 used 0; regular 18292 state 0 history 52976 history_bytes 602 reservoir_remaining 99947024 floor 33688 gas_used 71268; data_size 602 write_records 0; logs 0 accounts 4",
  "deployed from the beneficiary under the spec's cap, inspected, gas limit 100000000": "success Return; stop -; regular 150355 state 472770 history 66088 history_bytes 751 reservoir_remaining 0 floor 33688 gas_used 689213; data_size 751 write_records 2; logs 0 accounts 7",
  "deployed from the beneficiary under the spec's cap, inspected, gas limit 300000000": "success Return; stop -; regular 150355 state 472770 history 66088 history_bytes 751 reservoir_remaining 99461142 floor 33688 gas_used 689213; data_size 751 write_records 2; logs 0 accounts 7",
  "deployed from the beneficiary under the spec's cap, plain, gas limit 100000000": "success Return; stop -; regular 150355 state 472770 history 66088 history_bytes 751 reservoir_remaining 0 floor 33688 gas_used 689213; data_size 751 write_records 2; logs 0 accounts 7",
  "deployed from the beneficiary under the spec's cap, plain, gas limit 300000000": "success Return; stop -; regular 150355 state 472770 history 66088 history_bytes 751 reservoir_remaining 99461142 floor 33688 gas_used 689213; data_size 751 write_records 2; logs 0 accounts 7",
  "refused from another sender under the spec's cap, inspected, gas limit 100000000": "revert -; stop -; regular 121852 state 0 history 38896 history_bytes 442 reservoir_remaining 0 floor 29448 gas_used 160748; data_size 442 write_records 0; logs 0 accounts 5",
  "refused from another sender under the spec's cap, inspected, gas limit 300000000": "revert -; stop -; regular 121852 state 0 history 38896 history_bytes 442 reservoir_remaining 99961104 floor 29448 gas_used 160748; data_size 442 write_records 0; logs 0 accounts 5",
  "refused from another sender under the spec's cap, plain, gas limit 100000000": "revert -; stop -; regular 121852 state 0 history 38896 history_bytes 442 reservoir_remaining 0 floor 29448 gas_used 160748; data_size 442 write_records 0; logs 0 accounts 5",
  "refused from another sender under the spec's cap, plain, gas limit 300000000": "revert -; stop -; regular 121852 state 0 history 38896 history_bytes 442 reservoir_remaining 99961104 floor 29448 gas_used 160748; data_size 442 write_records 0; logs 0 accounts 5",
  "refused from the beneficiary one short of the overhead and the CREATE opcode, inspected, gas limit 100000000": "revert -; stop -; regular 121852 state 0 history 38896 history_bytes 442 reservoir_remaining 0 floor 29448 gas_used 160748; data_size 442 write_records 0; logs 0 accounts 4",
  "refused from the beneficiary one short of the overhead and the CREATE opcode, inspected, gas limit 300000000": "revert -; stop -; regular 121852 state 0 history 38896 history_bytes 442 reservoir_remaining 99961104 floor 29448 gas_used 160748; data_size 442 write_records 0; logs 0 accounts 4",
  "refused from the beneficiary one short of the overhead and the CREATE opcode, plain, gas limit 100000000": "revert -; stop -; regular 121852 state 0 history 38896 history_bytes 442 reservoir_remaining 0 floor 29448 gas_used 160748; data_size 442 write_records 0; logs 0 accounts 4",
  "refused from the beneficiary one short of the overhead and the CREATE opcode, plain, gas limit 300000000": "revert -; stop -; regular 121852 state 0 history 38896 history_bytes 442 reservoir_remaining 99961104 floor 29448 gas_used 160748; data_size 442 write_records 0; logs 0 accounts 4",
  "refused from the beneficiary under half the overhead, inspected, gas limit 100000000": "revert MegaLimitExceeded(ComputeGas, 50000); stop ComputeGas limit 50000 used 0; regular 21852 state 0 history 38896 history_bytes 442 reservoir_remaining 0 floor 29448 gas_used 60748; data_size 442 write_records 0; logs 0 accounts 4",
  "refused from the beneficiary under half the overhead, inspected, gas limit 300000000": "revert MegaLimitExceeded(ComputeGas, 50000); stop ComputeGas limit 50000 used 0; regular 21852 state 0 history 38896 history_bytes 442 reservoir_remaining 99961104 floor 29448 gas_used 60748; data_size 442 write_records 0; logs 0 accounts 4",
  "refused from the beneficiary under half the overhead, plain, gas limit 100000000": "revert MegaLimitExceeded(ComputeGas, 50000); stop ComputeGas limit 50000 used 0; regular 21852 state 0 history 38896 history_bytes 442 reservoir_remaining 0 floor 29448 gas_used 60748; data_size 442 write_records 0; logs 0 accounts 4",
  "refused from the beneficiary under half the overhead, plain, gas limit 300000000": "revert MegaLimitExceeded(ComputeGas, 50000); stop ComputeGas limit 50000 used 0; regular 21852 state 0 history 38896 history_bytes 442 reservoir_remaining 99961104 floor 29448 gas_used 60748; data_size 442 write_records 0; logs 0 accounts 4"
}
