---
source: crates/mega-evm/tests/satin/withheld_gas.rs
expression: "&views"
---
{
  "past the allowance, within the forward, gas limit 100000000, detained": {
    "result": {
      "kind": "revert",
      "reason": "MegaLimitExceeded(ComputeGas, 56502)",
      "output": "0x84b902670000000000000000000000000000000000000000000000000000000000000002000000000000000000000000000000000000000000000000000000000000dcb6",
      "created": null,
      "logs": []
    },
    "gas": {
      "regular": 16734,
      "state": 0,
      "history": 61072,
      "history_bytes": 694,
      "reservoir_remaining": 0,
      "floor": 39576,
      "gas_used": 77806
    },
    "result_gas": {
      "total_gas_spent": 77806,
      "state_gas_spent": 0,
      "refunded": 0,
      "floor_gas": 39576,
      "reservoir_remaining": 0
    },
    "usage": {
      "data_size": 694,
      "write_records": 0
    },
    "limit_stop": {
      "kind": "ComputeGas",
      "limit": 56502,
      "used": 198
    },
    "oracle_reads": [],
    "accounts": {
      "0x0000000000000000000000000000000000bef000": {
        "balance": "0x0",
        "nonce": 0,
        "code_hash": "0xc5d2460186f7233c927e7db2dcc703c0e500b653ca82273b7bfad8045d85a470",
        "created": false,
        "selfdestructed": false,
        "storage": []
      },
      "0x0000000000000000000000000000000000d00000": {
        "balance": "0x0",
        "nonce": 1,
        "code_hash": "0xc5d2460186f7233c927e7db2dcc703c0e500b653ca82273b7bfad8045d85a470",
        "created": false,
        "selfdestructed": false,
        "storage": []
      },
      "0x4200000000000000000000000000000000000019": {
        "balance": "0x0",
        "nonce": 0,
        "code_hash": "0xc5d2460186f7233c927e7db2dcc703c0e500b653ca82273b7bfad8045d85a470",
        "created": false,
        "selfdestructed": false,
        "storage": []
      },
      "0x420000000000000000000000000000000000001a": {
        "balance": "0x0",
        "nonce": 0,
        "code_hash": "0xc5d2460186f7233c927e7db2dcc703c0e500b653ca82273b7bfad8045d85a470",
        "created": false,
        "selfdestructed": false,
        "storage": []
      },
      "0x420000000000000000000000000000000000001b": {
        "balance": "0x0",
        "nonce": 0,
        "code_hash": "0xc5d2460186f7233c927e7db2dcc703c0e500b653ca82273b7bfad8045d85a470",
        "created": false,
        "selfdestructed": false,
        "storage": []
      }
    }
  },
  "past the allowance, within the forward, gas limit 100000000, plain": {
    "result": {
      "kind": "success",
      "reason": "Stop",
      "output": "0x",
      "created": null,
      "logs": []
    },
    "gas": {
      "regular": 151837,
      "state": 97920,
      "history": 64592,
      "history_bytes": 734,
      "reservoir_remaining": 0,
      "floor": 39576,
      "gas_used": 314349
    },
    "result_gas": {
      "total_gas_spent": 314349,
      "state_gas_spent": 97920,
      "refunded": 0,
      "floor_gas": 39576,
      "reservoir_remaining": 0
    },
    "usage": {
      "data_size": 734,
      "write_records": 1
    },
    "limit_stop": null,
    "oracle_reads": [],
    "accounts": {
      "0x0000000000000000000000000000000000000008": {
        "balance": "0x0",
        "nonce": 0,
        "code_hash": "0xc5d2460186f7233c927e7db2dcc703c0e500b653ca82273b7bfad8045d85a470",
        "created": false,
        "selfdestructed": false,
        "storage": []
      },
      "0x0000000000000000000000000000000000bef000": {
        "balance": "0x0",
        "nonce": 0,
        "code_hash": "0xc5d2460186f7233c927e7db2dcc703c0e500b653ca82273b7bfad8045d85a470",
        "created": false,
        "selfdestructed": false,
        "storage": []
      },
      "0x0000000000000000000000000000000000d00000": {
        "balance": "0x0",
        "nonce": 1,
        "code_hash": "0xc5d2460186f7233c927e7db2dcc703c0e500b653ca82273b7bfad8045d85a470",
        "created": false,
        "selfdestructed": false,
        "storage": []
      },
      "0x0000000000000000000000000000000000d00001": {
        "balance": "0x0",
        "nonce": 0,
        "code_hash": "0x9631928b1ecbca902d6cfbc687f30a55f10bad06a633b2f9ef678921bf27e4c4",
        "created": false,
        "selfdestructed": false,
        "storage": [
          {
            "slot": "0x0",
            "original": "0x0",
            "present": "0x1"
          }
        ]
      },
      "0x4200000000000000000000000000000000000019": {
        "balance": "0x0",
        "nonce": 0,
        "code_hash": "0xc5d2460186f7233c927e7db2dcc703c0e500b653ca82273b7bfad8045d85a470",
        "created": false,
        "selfdestructed": false,
        "storage": []
      },
      "0x420000000000000000000000000000000000001a": {
        "balance": "0x0",
        "nonce": 0,
        "code_hash": "0xc5d2460186f7233c927e7db2dcc703c0e500b653ca82273b7bfad8045d85a470",
        "created": false,
        "selfdestructed": false,
        "storage": []
      },
      "0x420000000000000000000000000000000000001b": {
        "balance": "0x0",
        "nonce": 0,
        "code_hash": "0xc5d2460186f7233c927e7db2dcc703c0e500b653ca82273b7bfad8045d85a470",
        "created": false,
        "selfdestructed": false,
        "storage": []
      }
    }
  },
  "past the allowance, within the forward, gas limit 300000000, detained": {
    "result": {
      "kind": "revert",
      "reason": "MegaLimitExceeded(ComputeGas, 56502)",
      "output": "0x84b902670000000000000000000000000000000000000000000000000000000000000002000000000000000000000000000000000000000000000000000000000000dcb6",
      "created": null,
      "logs": []
    },
    "gas": {
      "regular": 16734,
      "state": 0,
      "history": 61072,
      "history_bytes": 694,
      "reservoir_remaining": 99938928,
      "floor": 39576,
      "gas_used": 77806
    },
    "result_gas": {
      "total_gas_spent": 77806,
      "state_gas_spent": 0,
      "refunded": 0,
      "floor_gas": 39576,
      "reservoir_remaining": 99938928
    },
    "usage": {
      "data_size": 694,
      "write_records": 0
    },
    "limit_stop": {
      "kind": "ComputeGas",
      "limit": 56502,
      "used": 198
    },
    "oracle_reads": [],
    "accounts": {
      "0x0000000000000000000000000000000000bef000": {
        "balance": "0x0",
        "nonce": 0,
        "code_hash": "0xc5d2460186f7233c927e7db2dcc703c0e500b653ca82273b7bfad8045d85a470",
        "created": false,
        "selfdestructed": false,
        "storage": []
      },
      "0x0000000000000000000000000000000000d00000": {
        "balance": "0x0",
        "nonce": 1,
        "code_hash": "0xc5d2460186f7233c927e7db2dcc703c0e500b653ca82273b7bfad8045d85a470",
        "created": false,
        "selfdestructed": false,
        "storage": []
      },
      "0x4200000000000000000000000000000000000019": {
        "balance": "0x0",
        "nonce": 0,
        "code_hash": "0xc5d2460186f7233c927e7db2dcc703c0e500b653ca82273b7bfad8045d85a470",
        "created": false,
        "selfdestructed": false,
        "storage": []
      },
      "0x420000000000000000000000000000000000001a": {
        "balance": "0x0",
        "nonce": 0,
        "code_hash": "0xc5d2460186f7233c927e7db2dcc703c0e500b653ca82273b7bfad8045d85a470",
        "created": false,
        "selfdestructed": false,
        "storage": []
      },
      "0x420000000000000000000000000000000000001b": {
        "balance": "0x0",
        "nonce": 0,
        "code_hash": "0xc5d2460186f7233c927e7db2dcc703c0e500b653ca82273b7bfad8045d85a470",
        "created": false,
        "selfdestructed": false,
        "storage": []
      }
    }
  },
  "past the allowance, within the forward, gas limit 300000000, plain": {
    "result": {
      "kind": "success",
      "reason": "Stop",
      "output": "0x",
      "created": null,
      "logs": []
    },
    "gas": {
      "regular": 151837,
      "state": 97920,
      "history": 64592,
      "history_bytes": 734,
      "reservoir_remaining": 99837488,
      "floor": 39576,
      "gas_used": 314349
    },
    "result_gas": {
      "total_gas_spent": 314349,
      "state_gas_spent": 97920,
      "refunded": 0,
      "floor_gas": 39576,
      "reservoir_remaining": 99837488
    },
    "usage": {
      "data_size": 734,
      "write_records": 1
    },
    "limit_stop": null,
    "oracle_reads": [],
    "accounts": {
      "0x0000000000000000000000000000000000000008": {
        "balance": "0x0",
        "nonce": 0,
        "code_hash": "0xc5d2460186f7233c927e7db2dcc703c0e500b653ca82273b7bfad8045d85a470",
        "created": false,
        "selfdestructed": false,
        "storage": []
      },
      "0x0000000000000000000000000000000000bef000": {
        "balance": "0x0",
        "nonce": 0,
        "code_hash": "0xc5d2460186f7233c927e7db2dcc703c0e500b653ca82273b7bfad8045d85a470",
        "created": false,
        "selfdestructed": false,
        "storage": []
      },
      "0x0000000000000000000000000000000000d00000": {
        "balance": "0x0",
        "nonce": 1,
        "code_hash": "0xc5d2460186f7233c927e7db2dcc703c0e500b653ca82273b7bfad8045d85a470",
        "created": false,
        "selfdestructed": false,
        "storage": []
      },
      "0x0000000000000000000000000000000000d00001": {
        "balance": "0x0",
        "nonce": 0,
        "code_hash": "0x9631928b1ecbca902d6cfbc687f30a55f10bad06a633b2f9ef678921bf27e4c4",
        "created": false,
        "selfdestructed": false,
        "storage": [
          {
            "slot": "0x0",
            "original": "0x0",
            "present": "0x1"
          }
        ]
      },
      "0x4200000000000000000000000000000000000019": {
        "balance": "0x0",
        "nonce": 0,
        "code_hash": "0xc5d2460186f7233c927e7db2dcc703c0e500b653ca82273b7bfad8045d85a470",
        "created": false,
        "selfdestructed": false,
        "storage": []
      },
      "0x420000000000000000000000000000000000001a": {
        "balance": "0x0",
        "nonce": 0,
        "code_hash": "0xc5d2460186f7233c927e7db2dcc703c0e500b653ca82273b7bfad8045d85a470",
        "created": false,
        "selfdestructed": false,
        "storage": []
      },
      "0x420000000000000000000000000000000000001b": {
        "balance": "0x0",
        "nonce": 0,
        "code_hash": "0xc5d2460186f7233c927e7db2dcc703c0e500b653ca82273b7bfad8045d85a470",
        "created": false,
        "selfdestructed": false,
        "storage": []
      }
    }
  },
  "past the whole forward, gas limit 100000000, detained": {
    "result": {
      "kind": "success",
      "reason": "Stop",
      "output": "0x",
      "created": null,
      "logs": []
    },
    "gas": {
      "regular": 131937,
      "state": 0,
      "history": 61072,
      "history_bytes": 694,
      "reservoir_remaining": 0,
      "floor": 39576,
      "gas_used": 193009
    },
    "result_gas": {
      "total_gas_spent": 193009,
      "state_gas_spent": 0,
      "refunded": 0,
      "floor_gas": 39576,
      "reservoir_remaining": 0
    },
    "usage": {
      "data_size": 694,
      "write_records": 0
    },
    "limit_stop": null,
    "oracle_reads": [],
    "accounts": {
      "0x0000000000000000000000000000000000bef000": {
        "balance": "0x0",
        "nonce": 0,
        "code_hash": "0xc5d2460186f7233c927e7db2dcc703c0e500b653ca82273b7bfad8045d85a470",
        "created": false,
        "selfdestructed": false,
        "storage": []
      },
      "0x0000000000000000000000000000000000d00000": {
        "balance": "0x0",
        "nonce": 1,
        "code_hash": "0xc5d2460186f7233c927e7db2dcc703c0e500b653ca82273b7bfad8045d85a470",
        "created": false,
        "selfdestructed": false,
        "storage": []
      },
      "0x0000000000000000000000000000000000d00001": {
        "balance": "0x0",
        "nonce": 0,
        "code_hash": "0xfe473f130b65d7844f97ac416ccd0f64d06b3703de8680a770c79a0a1f4cdb85",
        "created": false,
        "selfdestructed": false,
        "storage": []
      },
      "0x4200000000000000000000000000000000000019": {
        "balance": "0x0",
        "nonce": 0,
        "code_hash": "0xc5d2460186f7233c927e7db2dcc703c0e500b653ca82273b7bfad8045d85a470",
        "created": false,
        "selfdestructed": false,
        "storage": []
      },
      "0x420000000000000000000000000000000000001a": {
        "balance": "0x0",
        "nonce": 0,
        "code_hash": "0xc5d2460186f7233c927e7db2dcc703c0e500b653ca82273b7bfad8045d85a470",
        "created": false,
        "selfdestructed": false,
        "storage": []
      },
      "0x420000000000000000000000000000000000001b": {
        "balance": "0x0",
        "nonce": 0,
        "code_hash": "0xc5d2460186f7233c927e7db2dcc703c0e500b653ca82273b7bfad8045d85a470",
        "created": false,
        "selfdestructed": false,
        "storage": []
      }
    }
  },
  "past the whole forward, gas limit 100000000, plain": {
    "result": {
      "kind": "success",
      "reason": "Stop",
      "output": "0x",
      "created": null,
      "logs": []
    },
    "gas": {
      "regular": 131937,
      "state": 0,
      "history": 61072,
      "history_bytes": 694,
      "reservoir_remaining": 0,
      "floor": 39576,
      "gas_used": 193009
    },
    "result_gas": {
      "total_gas_spent": 193009,
      "state_gas_spent": 0,
      "refunded": 0,
      "floor_gas": 39576,
      "reservoir_remaining": 0
    },
    "usage": {
      "data_size": 694,
      "write_records": 0
    },
    "limit_stop": null,
    "oracle_reads": [],
    "accounts": {
      "0x0000000000000000000000000000000000bef000": {
        "balance": "0x0",
        "nonce": 0,
        "code_hash": "0xc5d2460186f7233c927e7db2dcc703c0e500b653ca82273b7bfad8045d85a470",
        "created": false,
        "selfdestructed": false,
        "storage": []
      },
      "0x0000000000000000000000000000000000d00000": {
        "balance": "0x0",
        "nonce": 1,
        "code_hash": "0xc5d2460186f7233c927e7db2dcc703c0e500b653ca82273b7bfad8045d85a470",
        "created": false,
        "selfdestructed": false,
        "storage": []
      },
      "0x0000000000000000000000000000000000d00001": {
        "balance": "0x0",
        "nonce": 0,
        "code_hash": "0x925666bad55862ac55d1401368e86e031f147572c196818369605a403f84d682",
        "created": false,
        "selfdestructed": false,
        "storage": []
      },
      "0x4200000000000000000000000000000000000019": {
        "balance": "0x0",
        "nonce": 0,
        "code_hash": "0xc5d2460186f7233c927e7db2dcc703c0e500b653ca82273b7bfad8045d85a470",
        "created": false,
        "selfdestructed": false,
        "storage": []
      },
      "0x420000000000000000000000000000000000001a": {
        "balance": "0x0",
        "nonce": 0,
        "code_hash": "0xc5d2460186f7233c927e7db2dcc703c0e500b653ca82273b7bfad8045d85a470",
        "created": false,
        "selfdestructed": false,
        "storage": []
      },
      "0x420000000000000000000000000000000000001b": {
        "balance": "0x0",
        "nonce": 0,
        "code_hash": "0xc5d2460186f7233c927e7db2dcc703c0e500b653ca82273b7bfad8045d85a470",
        "created": false,
        "selfdestructed": false,
        "storage": []
      }
    }
  },
  "past the whole forward, gas limit 300000000, detained": {
    "result": {
      "kind": "success",
      "reason": "Stop",
      "output": "0x",
      "created": null,
      "logs": []
    },
    "gas": {
      "regular": 131937,
      "state": 0,
      "history": 61072,
      "history_bytes": 694,
      "reservoir_remaining": 99938928,
      "floor": 39576,
      "gas_used": 193009
    },
    "result_gas": {
      "total_gas_spent": 193009,
      "state_gas_spent": 0,
      "refunded": 0,
      "floor_gas": 39576,
      "reservoir_remaining": 99938928
    },
    "usage": {
      "data_size": 694,
      "write_records": 0
    },
    "limit_stop": null,
    "oracle_reads": [],
    "accounts": {
      "0x0000000000000000000000000000000000bef000": {
        "balance": "0x0",
        "nonce": 0,
        "code_hash": "0xc5d2460186f7233c927e7db2dcc703c0e500b653ca82273b7bfad8045d85a470",
        "created": false,
        "selfdestructed": false,
        "storage": []
      },
      "0x0000000000000000000000000000000000d00000": {
        "balance": "0x0",
        "nonce": 1,
        "code_hash": "0xc5d2460186f7233c927e7db2dcc703c0e500b653ca82273b7bfad8045d85a470",
        "created": false,
        "selfdestructed": false,
        "storage": []
      },
      "0x0000000000000000000000000000000000d00001": {
        "balance": "0x0",
        "nonce": 0,
        "code_hash": "0xfe473f130b65d7844f97ac416ccd0f64d06b3703de8680a770c79a0a1f4cdb85",
        "created": false,
        "selfdestructed": false,
        "storage": []
      },
      "0x4200000000000000000000000000000000000019": {
        "balance": "0x0",
        "nonce": 0,
        "code_hash": "0xc5d2460186f7233c927e7db2dcc703c0e500b653ca82273b7bfad8045d85a470",
        "created": false,
        "selfdestructed": false,
        "storage": []
      },
      "0x420000000000000000000000000000000000001a": {
        "balance": "0x0",
        "nonce": 0,
        "code_hash": "0xc5d2460186f7233c927e7db2dcc703c0e500b653ca82273b7bfad8045d85a470",
        "created": false,
        "selfdestructed": false,
        "storage": []
      },
      "0x420000000000000000000000000000000000001b": {
        "balance": "0x0",
        "nonce": 0,
        "code_hash": "0xc5d2460186f7233c927e7db2dcc703c0e500b653ca82273b7bfad8045d85a470",
        "created": false,
        "selfdestructed": false,
        "storage": []
      }
    }
  },
  "past the whole forward, gas limit 300000000, plain": {
    "result": {
      "kind": "success",
      "reason": "Stop",
      "output": "0x",
      "created": null,
      "logs": []
    },
    "gas": {
      "regular": 131937,
      "state": 0,
      "history": 61072,
      "history_bytes": 694,
      "reservoir_remaining": 99938928,
      "floor": 39576,
      "gas_used": 193009
    },
    "result_gas": {
      "total_gas_spent": 193009,
      "state_gas_spent": 0,
      "refunded": 0,
      "floor_gas": 39576,
      "reservoir_remaining": 99938928
    },
    "usage": {
      "data_size": 694,
      "write_records": 0
    },
    "limit_stop": null,
    "oracle_reads": [],
    "accounts": {
      "0x0000000000000000000000000000000000bef000": {
        "balance": "0x0",
        "nonce": 0,
        "code_hash": "0xc5d2460186f7233c927e7db2dcc703c0e500b653ca82273b7bfad8045d85a470",
        "created": false,
        "selfdestructed": false,
        "storage": []
      },
      "0x0000000000000000000000000000000000d00000": {
        "balance": "0x0",
        "nonce": 1,
        "code_hash": "0xc5d2460186f7233c927e7db2dcc703c0e500b653ca82273b7bfad8045d85a470",
        "created": false,
        "selfdestructed": false,
        "storage": []
      },
      "0x0000000000000000000000000000000000d00001": {
        "balance": "0x0",
        "nonce": 0,
        "code_hash": "0x925666bad55862ac55d1401368e86e031f147572c196818369605a403f84d682",
        "created": false,
        "selfdestructed": false,
        "storage": []
      },
      "0x4200000000000000000000000000000000000019": {
        "balance": "0x0",
        "nonce": 0,
        "code_hash": "0xc5d2460186f7233c927e7db2dcc703c0e500b653ca82273b7bfad8045d85a470",
        "created": false,
        "selfdestructed": false,
        "storage": []
      },
      "0x420000000000000000000000000000000000001a": {
        "balance": "0x0",
        "nonce": 0,
        "code_hash": "0xc5d2460186f7233c927e7db2dcc703c0e500b653ca82273b7bfad8045d85a470",
        "created": false,
        "selfdestructed": false,
        "storage": []
      },
      "0x420000000000000000000000000000000000001b": {
        "balance": "0x0",
        "nonce": 0,
        "code_hash": "0xc5d2460186f7233c927e7db2dcc703c0e500b653ca82273b7bfad8045d85a470",
        "created": false,
        "selfdestructed": false,
        "storage": []
      }
    }
  },
  "within the allowance, gas limit 100000000, detained": {
    "result": {
      "kind": "success",
      "reason": "Stop",
      "output": "0x",
      "created": null,
      "logs": []
    },
    "gas": {
      "regular": 151837,
      "state": 97920,
      "history": 64592,
      "history_bytes": 734,
      "reservoir_remaining": 0,
      "floor": 39576,
      "gas_used": 314349
    },
    "result_gas": {
      "total_gas_spent": 314349,
      "state_gas_spent": 97920,
      "refunded": 0,
      "floor_gas": 39576,
      "reservoir_remaining": 0
    },
    "usage": {
      "data_size": 734,
      "write_records": 1
    },
    "limit_stop": null,
    "oracle_reads": [],
    "accounts": {
      "0x0000000000000000000000000000000000000008": {
        "balance": "0x0",
        "nonce": 0,
        "code_hash": "0xc5d2460186f7233c927e7db2dcc703c0e500b653ca82273b7bfad8045d85a470",
        "created": false,
        "selfdestructed": false,
        "storage": []
      },
      "0x0000000000000000000000000000000000bef000": {
        "balance": "0x0",
        "nonce": 0,
        "code_hash": "0xc5d2460186f7233c927e7db2dcc703c0e500b653ca82273b7bfad8045d85a470",
        "created": false,
        "selfdestructed": false,
        "storage": []
      },
      "0x0000000000000000000000000000000000d00000": {
        "balance": "0x0",
        "nonce": 1,
        "code_hash": "0xc5d2460186f7233c927e7db2dcc703c0e500b653ca82273b7bfad8045d85a470",
        "created": false,
        "selfdestructed": false,
        "storage": []
      },
      "0x0000000000000000000000000000000000d00001": {
        "balance": "0x0",
        "nonce": 0,
        "code_hash": "0x9363cc02a3a2e9af93b7fa89ae441825db832157cf47681d8fd4917922bf0b07",
        "created": false,
        "selfdestructed": false,
        "storage": [
          {
            "slot": "0x0",
            "original": "0x0",
            "present": "0x1"
          }
        ]
      },
      "0x4200000000000000000000000000000000000019": {
        "balance": "0x0",
        "nonce": 0,
        "code_hash": "0xc5d2460186f7233c927e7db2dcc703c0e500b653ca82273b7bfad8045d85a470",
        "created": false,
        "selfdestructed": false,
        "storage": []
      },
      "0x420000000000000000000000000000000000001a": {
        "balance": "0x0",
        "nonce": 0,
        "code_hash": "0xc5d2460186f7233c927e7db2dcc703c0e500b653ca82273b7bfad8045d85a470",
        "created": false,
        "selfdestructed": false,
        "storage": []
      },
      "0x420000000000000000000000000000000000001b": {
        "balance": "0x0",
        "nonce": 0,
        "code_hash": "0xc5d2460186f7233c927e7db2dcc703c0e500b653ca82273b7bfad8045d85a470",
        "created": false,
        "selfdestructed": false,
        "storage": []
      }
    }
  },
  "within the allowance, gas limit 100000000, plain": {
    "result": {
      "kind": "success",
      "reason": "Stop",
      "output": "0x",
      "created": null,
      "logs": []
    },
    "gas": {
      "regular": 151837,
      "state": 97920,
      "history": 64592,
      "history_bytes": 734,
      "reservoir_remaining": 0,
      "floor": 39576,
      "gas_used": 314349
    },
    "result_gas": {
      "total_gas_spent": 314349,
      "state_gas_spent": 97920,
      "refunded": 0,
      "floor_gas": 39576,
      "reservoir_remaining": 0
    },
    "usage": {
      "data_size": 734,
      "write_records": 1
    },
    "limit_stop": null,
    "oracle_reads": [],
    "accounts": {
      "0x0000000000000000000000000000000000000008": {
        "balance": "0x0",
        "nonce": 0,
        "code_hash": "0xc5d2460186f7233c927e7db2dcc703c0e500b653ca82273b7bfad8045d85a470",
        "created": false,
        "selfdestructed": false,
        "storage": []
      },
      "0x0000000000000000000000000000000000bef000": {
        "balance": "0x0",
        "nonce": 0,
        "code_hash": "0xc5d2460186f7233c927e7db2dcc703c0e500b653ca82273b7bfad8045d85a470",
        "created": false,
        "selfdestructed": false,
        "storage": []
      },
      "0x0000000000000000000000000000000000d00000": {
        "balance": "0x0",
        "nonce": 1,
        "code_hash": "0xc5d2460186f7233c927e7db2dcc703c0e500b653ca82273b7bfad8045d85a470",
        "created": false,
        "selfdestructed": false,
        "storage": []
      },
      "0x0000000000000000000000000000000000d00001": {
        "balance": "0x0",
        "nonce": 0,
        "code_hash": "0x9631928b1ecbca902d6cfbc687f30a55f10bad06a633b2f9ef678921bf27e4c4",
        "created": false,
        "selfdestructed": false,
        "storage": [
          {
            "slot": "0x0",
            "original": "0x0",
            "present": "0x1"
          }
        ]
      },
      "0x4200000000000000000000000000000000000019": {
        "balance": "0x0",
        "nonce": 0,
        "code_hash": "0xc5d2460186f7233c927e7db2dcc703c0e500b653ca82273b7bfad8045d85a470",
        "created": false,
        "selfdestructed": false,
        "storage": []
      },
      "0x420000000000000000000000000000000000001a": {
        "balance": "0x0",
        "nonce": 0,
        "code_hash": "0xc5d2460186f7233c927e7db2dcc703c0e500b653ca82273b7bfad8045d85a470",
        "created": false,
        "selfdestructed": false,
        "storage": []
      },
      "0x420000000000000000000000000000000000001b": {
        "balance": "0x0",
        "nonce": 0,
        "code_hash": "0xc5d2460186f7233c927e7db2dcc703c0e500b653ca82273b7bfad8045d85a470",
        "created": false,
        "selfdestructed": false,
        "storage": []
      }
    }
  },
  "within the allowance, gas limit 300000000, detained": {
    "result": {
      "kind": "success",
      "reason": "Stop",
      "output": "0x",
      "created": null,
      "logs": []
    },
    "gas": {
      "regular": 151837,
      "state": 97920,
      "history": 64592,
      "history_bytes": 734,
      "reservoir_remaining": 99837488,
      "floor": 39576,
      "gas_used": 314349
    },
    "result_gas": {
      "total_gas_spent": 314349,
      "state_gas_spent": 97920,
      "refunded": 0,
      "floor_gas": 39576,
      "reservoir_remaining": 99837488
    },
    "usage": {
      "data_size": 734,
      "write_records": 1
    },
    "limit_stop": null,
    "oracle_reads": [],
    "accounts": {
      "0x0000000000000000000000000000000000000008": {
        "balance": "0x0",
        "nonce": 0,
        "code_hash": "0xc5d2460186f7233c927e7db2dcc703c0e500b653ca82273b7bfad8045d85a470",
        "created": false,
        "selfdestructed": false,
        "storage": []
      },
      "0x0000000000000000000000000000000000bef000": {
        "balance": "0x0",
        "nonce": 0,
        "code_hash": "0xc5d2460186f7233c927e7db2dcc703c0e500b653ca82273b7bfad8045d85a470",
        "created": false,
        "selfdestructed": false,
        "storage": []
      },
      "0x0000000000000000000000000000000000d00000": {
        "balance": "0x0",
        "nonce": 1,
        "code_hash": "0xc5d2460186f7233c927e7db2dcc703c0e500b653ca82273b7bfad8045d85a470",
        "created": false,
        "selfdestructed": false,
        "storage": []
      },
      "0x0000000000000000000000000000000000d00001": {
        "balance": "0x0",
        "nonce": 0,
        "code_hash": "0x9363cc02a3a2e9af93b7fa89ae441825db832157cf47681d8fd4917922bf0b07",
        "created": false,
        "selfdestructed": false,
        "storage": [
          {
            "slot": "0x0",
            "original": "0x0",
            "present": "0x1"
          }
        ]
      },
      "0x4200000000000000000000000000000000000019": {
        "balance": "0x0",
        "nonce": 0,
        "code_hash": "0xc5d2460186f7233c927e7db2dcc703c0e500b653ca82273b7bfad8045d85a470",
        "created": false,
        "selfdestructed": false,
        "storage": []
      },
      "0x420000000000000000000000000000000000001a": {
        "balance": "0x0",
        "nonce": 0,
        "code_hash": "0xc5d2460186f7233c927e7db2dcc703c0e500b653ca82273b7bfad8045d85a470",
        "created": false,
        "selfdestructed": false,
        "storage": []
      },
      "0x420000000000000000000000000000000000001b": {
        "balance": "0x0",
        "nonce": 0,
        "code_hash": "0xc5d2460186f7233c927e7db2dcc703c0e500b653ca82273b7bfad8045d85a470",
        "created": false,
        "selfdestructed": false,
        "storage": []
      }
    }
  },
  "within the allowance, gas limit 300000000, plain": {
    "result": {
      "kind": "success",
      "reason": "Stop",
      "output": "0x",
      "created": null,
      "logs": []
    },
    "gas": {
      "regular": 151837,
      "state": 97920,
      "history": 64592,
      "history_bytes": 734,
      "reservoir_remaining": 99837488,
      "floor": 39576,
      "gas_used": 314349
    },
    "result_gas": {
      "total_gas_spent": 314349,
      "state_gas_spent": 97920,
      "refunded": 0,
      "floor_gas": 39576,
      "reservoir_remaining": 99837488
    },
    "usage": {
      "data_size": 734,
      "write_records": 1
    },
    "limit_stop": null,
    "oracle_reads": [],
    "accounts": {
      "0x0000000000000000000000000000000000000008": {
        "balance": "0x0",
        "nonce": 0,
        "code_hash": "0xc5d2460186f7233c927e7db2dcc703c0e500b653ca82273b7bfad8045d85a470",
        "created": false,
        "selfdestructed": false,
        "storage": []
      },
      "0x0000000000000000000000000000000000bef000": {
        "balance": "0x0",
        "nonce": 0,
        "code_hash": "0xc5d2460186f7233c927e7db2dcc703c0e500b653ca82273b7bfad8045d85a470",
        "created": false,
        "selfdestructed": false,
        "storage": []
      },
      "0x0000000000000000000000000000000000d00000": {
        "balance": "0x0",
        "nonce": 1,
        "code_hash": "0xc5d2460186f7233c927e7db2dcc703c0e500b653ca82273b7bfad8045d85a470",
        "created": false,
        "selfdestructed": false,
        "storage": []
      },
      "0x0000000000000000000000000000000000d00001": {
        "balance": "0x0",
        "nonce": 0,
        "code_hash": "0x9631928b1ecbca902d6cfbc687f30a55f10bad06a633b2f9ef678921bf27e4c4",
        "created": false,
        "selfdestructed": false,
        "storage": [
          {
            "slot": "0x0",
            "original": "0x0",
            "present": "0x1"
          }
        ]
      },
      "0x4200000000000000000000000000000000000019": {
        "balance": "0x0",
        "nonce": 0,
        "code_hash": "0xc5d2460186f7233c927e7db2dcc703c0e500b653ca82273b7bfad8045d85a470",
        "created": false,
        "selfdestructed": false,
        "storage": []
      },
      "0x420000000000000000000000000000000000001a": {
        "balance": "0x0",
        "nonce": 0,
        "code_hash": "0xc5d2460186f7233c927e7db2dcc703c0e500b653ca82273b7bfad8045d85a470",
        "created": false,
        "selfdestructed": false,
        "storage": []
      },
      "0x420000000000000000000000000000000000001b": {
        "balance": "0x0",
        "nonce": 0,
        "code_hash": "0xc5d2460186f7233c927e7db2dcc703c0e500b653ca82273b7bfad8045d85a470",
        "created": false,
        "selfdestructed": false,
        "storage": []
      }
    }
  }
}
